type octile
height 49
width 49
map
TTTTTTTTTTTTTTTTTTTTTTTTTTTTTTTTTTTTTTTTTTTTTTTTT
TTT............TTTT.TTT...TTTT.TTTT............TT
TT.............TTT........TTT..TTT.............TT
T......TTTT......................TTTT...........T
T...............TT.................TTTTTTT......T
T.......T..................TTTTTTTTTT...........T
T.......TTT....T....T.......TT......TTT.........T
T.......................TT......................T
T........TT.............TTT.........TTTTTTTT....T
T......................TTT......................T
T..........TTTTT......TT........T.T.TT.....TTTTTT
TTT............TTTT............TTTT............TT
TTT....TT......TTTT............TTTT............TT
T.......T...........TT.......TTT....TT..........T
T..........TTTTTT..........TT...........TT......T
TTT............TTTT...T........TTTT............TT
TTT............TTTT......T.....TTTT............TT
TTT.....TT.....TTTT.....T.....TTTT.........T...TT
TT.............TTT.............TTT.........TTT.TT
TT.....TTT......TTT........TT..........TTT......T
TT.....TTTT.......TTTTTTT........TTT............T
TT..............................................T
TT........TTT...........TTTTTTTTTTTTTTT.........T
T.......TTT.........TTTTTTTTT.......TTT.........T
T...............................................T
T.............TTTT............TTTT........T....TT
TTT............TTTT......T.....TTTT............TT
TTT......................TT.....................T
TTT.......TT.......................TTTTTTTT.....T
TTT.....TTTTTTTTT...............................T
T..........TT.........TTT.........TTTT..........T
TTT............TTTT........TTTT................TT
TTT............TTTT........TTTT................TT
TTT............TTTT........TTTT................TT
TT..TTTT.......TTT.........TTT.......TTTTTTT...TT
T........T....T......TTT.......TTT.......TTT....T
T..TTTTT...............T.........TTTTTT.........T
T...............................................T
T..........TTT..............TTTTTTTTTTTTT.......T
T.......T.......TTTTTTTT..........TT........T...T
T...............................................T
T.....TTTTTTTTTTTT..............................T
T..........................TTTTTTTT.............T
T........TTTT...................................T
T...............................TTTTT...........T
T......TTT.........TTTT............TTTTTTT......T
T...................TTT...TTT...................T
TTT............TTTT.TTTT..TTTT.TTTT............TT
TTTTTTTTTTTTTTTTTTTTTTTTTTTTTTTTTTTTTTTTTTTTTTTTT
