type octile
height 49
width 49
map
TTTTTTTTTTTTTTTTTTTTTTTTTTTTTTTTTTTTTTTTTTTTTTTTT
T...............................................T
T...............................................T
T...............................................T
T...............................................T
T...............................................T
T...............................................T
T...............................................T
T...............................................T
T...............................................T
T...............................................T
T...............................................T
T...............................................T
T...............................................T
T...............................................T
T...............................................T
T...............................................T
T...............................................T
T...............................................T
T...............................................T
T...............................................T
T...............................................T
T...............................................T
T...............................................T
T...............................................T
T...............................................T
T...............................................T
T...............................................T
T...............................................T
T...............................................T
T...............................................T
T...............................................T
T...............................................T
T...............................................T
T...............................................T
T...............................................T
T...............................................T
T...............................................T
T...............................................T
T...............................................T
T...............................................T
T...............................................T
T...............................................T
T...............................................T
T...............................................T
T...............................................T
T...............................................T
T...............................................T
TTTTTTTTTTTTTTTTTTTTTTTTTTTTTTTTTTTTTTTTTTTTTTTTT
